[dotenv@17.2.3] injecting env (0) from .env -- tip: ÔÜÖ´©Å  override existing env vars with { override: true }


  ReceivableToken
Starting settle test
Tokenizing...
Tokenized.
Increasing time...
Time increased.
Settling...
Settled.
    Ô£ö Should settle receivable after maturity


  1 passing (134ms)

┬À┬À┬À┬À┬À┬À┬À┬À┬À┬À┬À┬À┬À┬À┬À┬À┬À┬À┬À┬À┬À┬À┬À┬À┬À┬À┬À┬À┬À┬À┬À┬À┬À┬À┬À┬À┬À┬À┬À┬À┬À┬À┬À┬À┬À┬À┬À┬À┬À┬À┬À┬À┬À┬À┬À┬À┬À┬À┬À┬À┬À┬À┬À┬À┬À┬À┬À┬À┬À┬À┬À┬À┬À┬À┬À┬À┬À┬À┬À┬À┬À┬À┬À┬À┬À┬À┬À┬À┬À┬À┬À┬À┬À┬À┬À┬À┬À┬À┬À┬À┬À┬À┬À┬À┬À┬À┬À┬À┬À┬À┬À┬À
|  [32m[1mSolidity and Network Configuration[22m[39m                                                                          Ôöé
┬À┬À┬À┬À┬À┬À┬À┬À┬À┬À┬À┬À┬À┬À┬À┬À┬À┬À┬À┬À┬À┬À┬À┬À┬À┬À┬À|┬À┬À┬À┬À┬À┬À┬À┬À┬À┬À┬À┬À┬À┬À┬À┬À┬À|┬À┬À┬À┬À┬À┬À┬À┬À┬À┬À┬À┬À┬À┬À┬À|┬À┬À┬À┬À┬À┬À┬À┬À┬À┬À┬À┬À┬À┬À┬À┬À┬À|┬À┬À┬À┬À┬À┬À┬À┬À┬À┬À┬À┬À┬À┬À┬À┬À┬À┬À┬À┬À┬À┬À┬À┬À┬À┬À┬À┬À┬À┬À┬À┬À
|  [36mSolidity: 0.8.20[39m        ┬À  [36mOptim: true[39m    ┬À  [36mRuns: 200[39m    ┬À  [36mviaIR: false[39m   ┬À     [36mBlock: 30,000,000 gas[39m     Ôöé
┬À┬À┬À┬À┬À┬À┬À┬À┬À┬À┬À┬À┬À┬À┬À┬À┬À┬À┬À┬À┬À┬À┬À┬À┬À┬À┬À|┬À┬À┬À┬À┬À┬À┬À┬À┬À┬À┬À┬À┬À┬À┬À┬À┬À|┬À┬À┬À┬À┬À┬À┬À┬À┬À┬À┬À┬À┬À┬À┬À|┬À┬À┬À┬À┬À┬À┬À┬À┬À┬À┬À┬À┬À┬À┬À┬À┬À|┬À┬À┬À┬À┬À┬À┬À┬À┬À┬À┬À┬À┬À┬À┬À┬À┬À┬À┬À┬À┬À┬À┬À┬À┬À┬À┬À┬À┬À┬À┬À┬À
|  [32m[1mMethods[22m[39m                                                                                                     Ôöé
┬À┬À┬À┬À┬À┬À┬À┬À┬À┬À┬À┬À┬À┬À┬À┬À┬À┬À┬À┬À┬À┬À┬À┬À┬À┬À┬À|┬À┬À┬À┬À┬À┬À┬À┬À┬À┬À┬À┬À┬À┬À┬À┬À┬À|┬À┬À┬À┬À┬À┬À┬À┬À┬À┬À┬À┬À┬À┬À┬À|┬À┬À┬À┬À┬À┬À┬À┬À┬À┬À┬À┬À┬À┬À┬À┬À┬À|┬À┬À┬À┬À┬À┬À┬À┬À┬À┬À┬À┬À┬À┬À┬À┬À|┬À┬À┬À┬À┬À┬À┬À┬À┬À┬À┬À┬À┬À┬À┬À
|  [32m[1mContracts / Methods[22m[39m     ┬À  [1mMin[22m            ┬À  [1mMax[22m          ┬À  [1mAvg[22m            ┬À  [1m# calls[22m       ┬À  [1musd (avg)[22m   Ôöé
┬À┬À┬À┬À┬À┬À┬À┬À┬À┬À┬À┬À┬À┬À┬À┬À┬À┬À┬À┬À┬À┬À┬À┬À┬À┬À┬À|┬À┬À┬À┬À┬À┬À┬À┬À┬À┬À┬À┬À┬À┬À┬À┬À┬À|┬À┬À┬À┬À┬À┬À┬À┬À┬À┬À┬À┬À┬À┬À┬À|┬À┬À┬À┬À┬À┬À┬À┬À┬À┬À┬À┬À┬À┬À┬À┬À┬À|┬À┬À┬À┬À┬À┬À┬À┬À┬À┬À┬À┬À┬À┬À┬À┬À|┬À┬À┬À┬À┬À┬À┬À┬À┬À┬À┬À┬À┬À┬À┬À
|  [1mReceivableToken[22m         ┬À                                                                                   Ôöé
┬À┬À┬À┬À┬À┬À┬À┬À┬À┬À┬À┬À┬À┬À┬À┬À┬À┬À┬À┬À┬À┬À┬À┬À┬À┬À┬À|┬À┬À┬À┬À┬À┬À┬À┬À┬À┬À┬À┬À┬À┬À┬À┬À┬À|┬À┬À┬À┬À┬À┬À┬À┬À┬À┬À┬À┬À┬À┬À┬À|┬À┬À┬À┬À┬À┬À┬À┬À┬À┬À┬À┬À┬À┬À┬À┬À┬À|┬À┬À┬À┬À┬À┬À┬À┬À┬À┬À┬À┬À┬À┬À┬À┬À|┬À┬À┬À┬À┬À┬À┬À┬À┬À┬À┬À┬À┬À┬À┬À
|      settleReceivable    ┬À              [90m-[39m  ┬À            [90m-[39m  ┬À         56,948  ┬À             1  ┬À           [32m[90m-[39m[32m[39m  Ôöé
┬À┬À┬À┬À┬À┬À┬À┬À┬À┬À┬À┬À┬À┬À┬À┬À┬À┬À┬À┬À┬À┬À┬À┬À┬À┬À┬À|┬À┬À┬À┬À┬À┬À┬À┬À┬À┬À┬À┬À┬À┬À┬À┬À┬À|┬À┬À┬À┬À┬À┬À┬À┬À┬À┬À┬À┬À┬À┬À┬À|┬À┬À┬À┬À┬À┬À┬À┬À┬À┬À┬À┬À┬À┬À┬À┬À┬À|┬À┬À┬À┬À┬À┬À┬À┬À┬À┬À┬À┬À┬À┬À┬À┬À|┬À┬À┬À┬À┬À┬À┬À┬À┬À┬À┬À┬À┬À┬À┬À
|      tokenizeReceivable  ┬À              [90m-[39m  ┬À            [90m-[39m  ┬À        347,481  ┬À             2  ┬À           [32m[90m-[39m[32m[39m  Ôöé
┬À┬À┬À┬À┬À┬À┬À┬À┬À┬À┬À┬À┬À┬À┬À┬À┬À┬À┬À┬À┬À┬À┬À┬À┬À┬À┬À|┬À┬À┬À┬À┬À┬À┬À┬À┬À┬À┬À┬À┬À┬À┬À┬À┬À|┬À┬À┬À┬À┬À┬À┬À┬À┬À┬À┬À┬À┬À┬À┬À|┬À┬À┬À┬À┬À┬À┬À┬À┬À┬À┬À┬À┬À┬À┬À┬À┬À|┬À┬À┬À┬À┬À┬À┬À┬À┬À┬À┬À┬À┬À┬À┬À┬À|┬À┬À┬À┬À┬À┬À┬À┬À┬À┬À┬À┬À┬À┬À┬À
|  [32m[1mDeployments[22m[39m                               ┬À                                 ┬À  [1m% of limit[22m    ┬À              Ôöé
┬À┬À┬À┬À┬À┬À┬À┬À┬À┬À┬À┬À┬À┬À┬À┬À┬À┬À┬À┬À┬À┬À┬À┬À┬À┬À┬À|┬À┬À┬À┬À┬À┬À┬À┬À┬À┬À┬À┬À┬À┬À┬À┬À┬À|┬À┬À┬À┬À┬À┬À┬À┬À┬À┬À┬À┬À┬À┬À┬À|┬À┬À┬À┬À┬À┬À┬À┬À┬À┬À┬À┬À┬À┬À┬À┬À┬À|┬À┬À┬À┬À┬À┬À┬À┬À┬À┬À┬À┬À┬À┬À┬À┬À|┬À┬À┬À┬À┬À┬À┬À┬À┬À┬À┬À┬À┬À┬À┬À
|  [1mReceivableToken[22m         ┬À              [90m-[39m  ┬À            [90m-[39m  ┬À      2,045,342  ┬À         6.8 %  ┬À           [32m[90m-[39m[32m[39m  Ôöé
┬À┬À┬À┬À┬À┬À┬À┬À┬À┬À┬À┬À┬À┬À┬À┬À┬À┬À┬À┬À┬À┬À┬À┬À┬À┬À┬À|┬À┬À┬À┬À┬À┬À┬À┬À┬À┬À┬À┬À┬À┬À┬À┬À┬À|┬À┬À┬À┬À┬À┬À┬À┬À┬À┬À┬À┬À┬À┬À┬À|┬À┬À┬À┬À┬À┬À┬À┬À┬À┬À┬À┬À┬À┬À┬À┬À┬À|┬À┬À┬À┬À┬À┬À┬À┬À┬À┬À┬À┬À┬À┬À┬À┬À|┬À┬À┬À┬À┬À┬À┬À┬À┬À┬À┬À┬À┬À┬À┬À
|  [32m[1mKey[22m[39m                                                                                                         Ôöé
┬À┬À┬À┬À┬À┬À┬À┬À┬À┬À┬À┬À┬À┬À┬À┬À┬À┬À┬À┬À┬À┬À┬À┬À┬À┬À┬À┬À┬À┬À┬À┬À┬À┬À┬À┬À┬À┬À┬À┬À┬À┬À┬À┬À┬À┬À┬À┬À┬À┬À┬À┬À┬À┬À┬À┬À┬À┬À┬À┬À┬À┬À┬À┬À┬À┬À┬À┬À┬À┬À┬À┬À┬À┬À┬À┬À┬À┬À┬À┬À┬À┬À┬À┬À┬À┬À┬À┬À┬À┬À┬À┬À┬À┬À┬À┬À┬À┬À┬À┬À┬À┬À┬À┬À┬À┬À┬À┬À┬À┬À┬À┬À
|  [35m[1mÔù»[22m[39m  Execution gas for this method does not include intrinsic gas overhead                                    Ôöé
┬À┬À┬À┬À┬À┬À┬À┬À┬À┬À┬À┬À┬À┬À┬À┬À┬À┬À┬À┬À┬À┬À┬À┬À┬À┬À┬À┬À┬À┬À┬À┬À┬À┬À┬À┬À┬À┬À┬À┬À┬À┬À┬À┬À┬À┬À┬À┬À┬À┬À┬À┬À┬À┬À┬À┬À┬À┬À┬À┬À┬À┬À┬À┬À┬À┬À┬À┬À┬À┬À┬À┬À┬À┬À┬À┬À┬À┬À┬À┬À┬À┬À┬À┬À┬À┬À┬À┬À┬À┬À┬À┬À┬À┬À┬À┬À┬À┬À┬À┬À┬À┬À┬À┬À┬À┬À┬À┬À┬À┬À┬À┬À
|  [35m[1mÔû│[22m[39m  Cost was non-zero but below the precision setting for the currency display (see options)                 Ôöé
┬À┬À┬À┬À┬À┬À┬À┬À┬À┬À┬À┬À┬À┬À┬À┬À┬À┬À┬À┬À┬À┬À┬À┬À┬À┬À┬À┬À┬À┬À┬À┬À┬À┬À┬À┬À┬À┬À┬À┬À┬À┬À┬À┬À┬À┬À┬À┬À┬À┬À┬À┬À┬À┬À┬À┬À┬À┬À┬À┬À┬À┬À┬À┬À┬À┬À┬À┬À┬À┬À┬À┬À┬À┬À┬À┬À┬À┬À┬À┬À┬À┬À┬À┬À┬À┬À┬À┬À┬À┬À┬À┬À┬À┬À┬À┬À┬À┬À┬À┬À┬À┬À┬À┬À┬À┬À┬À┬À┬À┬À┬À┬À
|  [35mToolchain:[39m  hardhat                                                                                         Ôöé
┬À┬À┬À┬À┬À┬À┬À┬À┬À┬À┬À┬À┬À┬À┬À┬À┬À┬À┬À┬À┬À┬À┬À┬À┬À┬À┬À┬À┬À┬À┬À┬À┬À┬À┬À┬À┬À┬À┬À┬À┬À┬À┬À┬À┬À┬À┬À┬À┬À┬À┬À┬À┬À┬À┬À┬À┬À┬À┬À┬À┬À┬À┬À┬À┬À┬À┬À┬À┬À┬À┬À┬À┬À┬À┬À┬À┬À┬À┬À┬À┬À┬À┬À┬À┬À┬À┬À┬À┬À┬À┬À┬À┬À┬À┬À┬À┬À┬À┬À┬À┬À┬À┬À┬À┬À┬À┬À┬À┬À┬À┬À┬À
